WARNING:discord.client:PyNaCl is not installed, voice will NOT be supported
INFO:discord.client:logging in using static token
INFO:discord.gateway:Shard ID None has connected to Gateway (Session ID: f26e5012e8f0904fbf6ef01ef7ec0051).
INFO:root:[OK] Bot logged in as Anistropic#8624 (ID: 1486830413555962049)
INFO:root:[OK] Set bot status to DND
ERROR:discord.ext.tasks:Unhandled exception in internal background task 'cleanup_quarantine'.
Traceback (most recent call last):
  File "C:\New folder\Codes\bots\Anistropic\.venv\Lib\site-packages\discord\ext\tasks\__init__.py", line 247, in _loop
    await self.coro(*args, **kwargs)
  File "c:\New folder\Codes\bots\Anistropic\main.py", line 459, in cleanup_quarantine
    async with db.execute('SELECT guild_id, user_id, original_roles FROM quarantined_users WHERE expires_at > 0 AND expires_at <= ?', (now,)) as cursor:
               ~~~~~~~~~~^^^^^^^^^^^^^^^^^^^^^^^^^^^^^^^^^^^^^^^^^^^^^^^^^^^^^^^^^^^^^^^^^^^^^^^^^^^^^^^^^^^^^^^^^^^^^^^^^^^^^^^^^^^^^^^^^^^^
  File "C:\New folder\Codes\bots\Anistropic\.venv\Lib\site-packages\aiosqlite\context.py", line 39, in __aenter__
    self._obj = await self._coro
                ^^^^^^^^^^^^^^^^
  File "C:\New folder\Codes\bots\Anistropic\.venv\Lib\site-packages\aiosqlite\core.py", line 190, in execute
    cursor = await self._execute(self._conn.execute, sql, parameters)
             ^^^^^^^^^^^^^^^^^^^^^^^^^^^^^^^^^^^^^^^^^^^^^^^^^^^^^^^^
  File "C:\New folder\Codes\bots\Anistropic\.venv\Lib\site-packages\aiosqlite\core.py", line 133, in _execute
    return await future
           ^^^^^^^^^^^^
  File "C:\New folder\Codes\bots\Anistropic\.venv\Lib\site-packages\aiosqlite\core.py", line 106, in run
    result = function()
sqlite3.OperationalError: no such table: quarantined_users
WARNING:discord.http:We are being rate limited. POST https://discord.com/api/v10/guilds/1516361507909140490/emojis responded with 429. Retrying in 1543.64 seconds.
INFO:root:[OK] Synced 100 slash commands.
INFO:root:[BACKUP] Restored database from Discord backup (1080.0 KB, uploaded at 2026-08-15 01:09:27 UTC)
INFO:root:[OK] All modular database tables initialized & exported to text files.
INFO:root:[BACKUP] Periodic backup loop started (every 30 minutes)
INFO:root:[BACKUP] Uploaded database backup (1080.0 KB)
ERROR:discord.client:Ignoring exception in on_message
Traceback (most recent call last):
  File "C:\New folder\Codes\bots\Anistropic\.venv\Lib\site-packages\discord\client.py", line 508, in _run_event
    await coro(*args, **kwargs)
  File "c:\New folder\Codes\bots\Anistropic\cogs\extra.py", line 310, in on_message
    async with db.execute(
               ~~~~~~~~~~^
        'SELECT trigger, emoji FROM autoreact_global'
        ^^^^^^^^^^^^^^^^^^^^^^^^^^^^^^^^^^^^^^^^^^^^^
    ) as cursor:
    ^
  File "C:\New folder\Codes\bots\Anistropic\.venv\Lib\site-packages\aiosqlite\context.py", line 39, in __aenter__
    self._obj = await self._coro
                ^^^^^^^^^^^^^^^^
  File "C:\New folder\Codes\bots\Anistropic\.venv\Lib\site-packages\aiosqlite\core.py", line 190, in execute
    cursor = await self._execute(self._conn.execute, sql, parameters)
             ^^^^^^^^^^^^^^^^^^^^^^^^^^^^^^^^^^^^^^^^^^^^^^^^^^^^^^^^
  File "C:\New folder\Codes\bots\Anistropic\.venv\Lib\site-packages\aiosqlite\core.py", line 133, in _execute
    return await future
           ^^^^^^^^^^^^
  File "C:\New folder\Codes\bots\Anistropic\.venv\Lib\site-packages\aiosqlite\core.py", line 106, in run
    result = function()
sqlite3.OperationalError: no such table: autoreact_global
INFO:command_logger:Server: Chirag's server (ID: 1536641277288775700) | Channel: #general (ID: 1536641278039826615) | User: chirxgsoni (ID: 1246746069811990611) | Command: help
ERROR:discord.client:Ignoring exception in on_message
Traceback (most recent call last):
  File "C:\New folder\Codes\bots\Anistropic\.venv\Lib\site-packages\discord\client.py", line 508, in _run_event
    await coro(*args, **kwargs)
  File "c:\New folder\Codes\bots\Anistropic\cogs\extra.py", line 310, in on_message
    async with db.execute(
               ~~~~~~~~~~^
        'SELECT trigger, emoji FROM autoreact_global'
        ^^^^^^^^^^^^^^^^^^^^^^^^^^^^^^^^^^^^^^^^^^^^^
    ) as cursor:
    ^
  File "C:\New folder\Codes\bots\Anistropic\.venv\Lib\site-packages\aiosqlite\context.py", line 39, in __aenter__
    self._obj = await self._coro
                ^^^^^^^^^^^^^^^^
  File "C:\New folder\Codes\bots\Anistropic\.venv\Lib\site-packages\aiosqlite\core.py", line 190, in execute
    cursor = await self._execute(self._conn.execute, sql, parameters)
             ^^^^^^^^^^^^^^^^^^^^^^^^^^^^^^^^^^^^^^^^^^^^^^^^^^^^^^^^
  File "C:\New folder\Codes\bots\Anistropic\.venv\Lib\site-packages\aiosqlite\core.py", line 133, in _execute
    return await future
           ^^^^^^^^^^^^
  File "C:\New folder\Codes\bots\Anistropic\.venv\Lib\site-packages\aiosqlite\core.py", line 106, in run
    result = function()
sqlite3.OperationalError: no such table: autoreact_global
